<html>
<body>
<pre>
<h1>µVision Build Log</h1>
<h2>Tool Versions:</h2>
IDE-Version: ¦ÌVision V5.39.0.0
Copyright (C) 2023 ARM Ltd and ARM Germany GmbH. All rights reserved.
License Information: zhuge kongbai, zhugekongbai, LIC=MPPLD-8MVH9-VENHA-11G3Y-N70GB-EYREU
 
Tool Versions:
Toolchain:       MDK-ARM Plus  Version: 5.39.0.0
Toolchain Path:  D:\keil\ARM\ARMCC\Bin
C Compiler:      Armcc.exe V5.06 update 7 (build 960)
Assembler:       Armasm.exe V5.06 update 7 (build 960)
Linker/Locator:  ArmLink.exe V5.06 update 7 (build 960)
Library Manager: ArmAr.exe V5.06 update 7 (build 960)
Hex Converter:   FromElf.exe V5.06 update 7 (build 960)
CPU DLL:         SARMCM3.DLL V5.39.0.0
Dialog DLL:      DCM.DLL V1.17.5.0
Target DLL:      CMSIS_AGDI.dll V1.33.16.0
Dialog DLL:      TCM.DLL V1.56.4.0
 
<h2>Project:</h2>
I:\kongbai\Leran\keil5test24_07_19\Template.uvprojx
Project File Date:  07/24/2024

<h2>Output:</h2>
*** Using Compiler 'V5.06 update 7 (build 960)', folder: 'D:\keil\ARM\ARMCC\Bin'
Build target 'Target 1'
compiling main.c...
User\main.c(98): warning:  #167-D: argument of type "u8 *" is incompatible with parameter of type "char *restrict"
  			token = strtok(USART1_RX_BUF, search);  
User\main.c(105): warning:  #167-D: argument of type "char *" is incompatible with parameter of type "u8 *"
  			LCD_ShowString(155, 155, tftlcd_data.width, tftlcd_data.height, 24, array[4]);
User\main.c(106): warning:  #167-D: argument of type "char *" is incompatible with parameter of type "u8 *"
  			LCD_ShowString(155, 185, tftlcd_data.width, tftlcd_data.height, 24, array[5]);
User\main.c(107): warning:  #167-D: argument of type "char *" is incompatible with parameter of type "u8 *"
  			LCD_ShowString(95, 215, tftlcd_data.width, tftlcd_data.height, 24, array[0]);
User\main.c(108): warning:  #167-D: argument of type "char *" is incompatible with parameter of type "u8 *"
  			LCD_ShowString(95, 245, tftlcd_data.width, tftlcd_data.height, 24, array[1]);
User\main.c(109): warning:  #167-D: argument of type "char *" is incompatible with parameter of type "u8 *"
  			LCD_ShowString(95, 275, tftlcd_data.width, tftlcd_data.height, 24, array[7]);
User\main.c(110): warning:  #167-D: argument of type "char *" is incompatible with parameter of type "u8 *"
  			LCD_ShowString(95, 305, tftlcd_data.width, tftlcd_data.height, 24, array[6]);
User\main.c: 7 warnings, 0 errors
linking...
Program Size: Code=9104 RO-data=384336 RW-data=268 ZI-data=1628  
FromELF: creating hex file...
".\Obj\Template.axf" - 0 Error(s), 7 Warning(s).

<h2>Software Packages used:</h2>

Package Vendor: Keil
                http://www.keil.com/pack/Keil.STM32F1xx_DFP.2.3.0.pack
                Keil::STM32F1xx_DFP@2.3.0
                STMicroelectronics STM32F1 Series Device Support, Drivers and Examples

<h2>Collection of Component include folders:</h2>
  D:/keil/Keil/STM32F1xx_DFP/2.3.0/Device/Include

<h2>Collection of Component Files used:</h2>
Build Time Elapsed:  00:00:01
</pre>
</body>
</html>
